../Core/Src/main.c:37:6:HAL_GPIO_EXTI_Callback	16	static
../Core/Src/main.c:86:5:__io_putchar	16	static
../Core/Src/main.c:94:7:convert_ecg_value	24	static
../Core/Src/main.c:99:7:RegWrite	32	static
../Core/Src/main.c:113:13:RegRead	56	static
../Core/Src/main.c:148:5:main	56	static
../Core/Src/main.c:260:6:SystemClock_Config	120	static
../Core/Src/main.c:321:13:MX_SPI1_Init	8	static
../Core/Src/main.c:369:13:MX_USART3_UART_Init	8	static
../Core/Src/main.c:417:13:MX_GPIO_Init	48	static
../Core/Src/main.c:458:6:Error_Handler	4	static,ignoring_inline_asm
